[2024-08-12T17:01:09.933+0900][0.010s][info][gc,init] Initializing The Z Garbage Collector
[2024-08-12T17:01:09.933+0900][0.010s][info][gc,init] Version: 17.0.11+9 (release)
[2024-08-12T17:01:09.933+0900][0.010s][info][gc,init] NUMA Support: Disabled
[2024-08-12T17:01:09.933+0900][0.010s][info][gc,init] CPUs: 18 total, 18 available
[2024-08-12T17:01:09.933+0900][0.010s][info][gc,init] Memory: 32348M
[2024-08-12T17:01:09.933+0900][0.010s][info][gc,init] Large Page Support: Disabled
[2024-08-12T17:01:09.933+0900][0.010s][info][gc,init] GC Workers: 5 (dynamic)
[2024-08-12T17:01:09.934+0900][0.011s][info][gc,init] Address Space Type: Contiguous/Unrestricted/Complete
[2024-08-12T17:01:09.934+0900][0.011s][info][gc,init] Address Space Size: 129408M x 3 = 388224M
[2024-08-12T17:01:09.934+0900][0.011s][info][gc,init] Min Capacity: 8M
[2024-08-12T17:01:09.934+0900][0.011s][info][gc,init] Initial Capacity: 506M
[2024-08-12T17:01:09.934+0900][0.011s][info][gc,init] Max Capacity: 8088M
[2024-08-12T17:01:09.934+0900][0.011s][info][gc,init] Medium Page Size: 32M
[2024-08-12T17:01:09.934+0900][0.011s][info][gc,init] Pre-touch: Disabled
[2024-08-12T17:01:09.934+0900][0.011s][info][gc,init] Uncommit: Enabled
[2024-08-12T17:01:09.934+0900][0.011s][info][gc,init] Uncommit Delay: 300s
[2024-08-12T17:01:09.946+0900][0.023s][info][gc,init] Runtime Workers: 11
[2024-08-12T17:01:09.947+0900][0.024s][info][gc     ] Using The Z Garbage Collector
[2024-08-12T17:01:09.947+0900][0.024s][info][gc,metaspace] CDS archive(s) not mapped
[2024-08-12T17:01:09.947+0900][0.024s][info][gc,metaspace] Compressed class space mapped at: 0x0000000080000000-0x00000000c0000000, reserved size: 1073741824
[2024-08-12T17:01:09.947+0900][0.024s][info][gc,metaspace] Narrow klass base: 0x0000000000000000, Narrow klass shift: 0, Narrow klass range: 0xc0000000
[2024-08-12T17:01:10.944+0900][1.021s][info][gc,start    ] GC(0) Garbage Collection (Metadata GC Threshold)
[2024-08-12T17:01:10.944+0900][1.021s][info][gc,task     ] GC(0) Using 5 workers
[2024-08-12T17:01:10.944+0900][1.021s][info][gc,phases   ] GC(0) Pause Mark Start 0.006ms
[2024-08-12T17:01:10.954+0900][1.031s][info][gc,phases   ] GC(0) Concurrent Mark 9.665ms
[2024-08-12T17:01:10.954+0900][1.031s][info][gc,phases   ] GC(0) Pause Mark End 0.014ms
[2024-08-12T17:01:10.954+0900][1.031s][info][gc,phases   ] GC(0) Concurrent Mark Free 0.001ms
[2024-08-12T17:01:10.955+0900][1.032s][info][gc,phases   ] GC(0) Concurrent Process Non-Strong References 1.073ms
[2024-08-12T17:01:10.955+0900][1.032s][info][gc,phases   ] GC(0) Concurrent Reset Relocation Set 0.000ms
[2024-08-12T17:01:10.962+0900][1.039s][info][gc,phases   ] GC(0) Concurrent Select Relocation Set 6.099ms
[2024-08-12T17:01:10.962+0900][1.039s][info][gc,phases   ] GC(0) Pause Relocate Start 0.007ms
[2024-08-12T17:01:10.964+0900][1.041s][info][gc,phases   ] GC(0) Concurrent Relocate 2.128ms
[2024-08-12T17:01:10.964+0900][1.041s][info][gc,load     ] GC(0) Load: 0.00/0.00/0.00
[2024-08-12T17:01:10.964+0900][1.041s][info][gc,mmu      ] GC(0) MMU: 2ms/99.3%, 5ms/99.7%, 10ms/99.8%, 20ms/99.9%, 50ms/99.9%, 100ms/100.0%
[2024-08-12T17:01:10.964+0900][1.041s][info][gc,marking  ] GC(0) Mark: 4 stripe(s), 2 proactive flush(es), 1 terminate flush(es), 0 completion(s), 0 continuation(s) 
[2024-08-12T17:01:10.964+0900][1.041s][info][gc,marking  ] GC(0) Mark Stack Usage: 32M
[2024-08-12T17:01:10.964+0900][1.041s][info][gc,nmethod  ] GC(0) NMethods: 2463 registered, 0 unregistered
[2024-08-12T17:01:10.964+0900][1.041s][info][gc,metaspace] GC(0) Metaspace: 20M used, 21M committed, 1088M reserved
[2024-08-12T17:01:10.966+0900][1.043s][info][gc,ref      ] GC(0) Soft: 1146 encountered, 0 discovered, 0 enqueued
[2024-08-12T17:01:10.966+0900][1.043s][info][gc,ref      ] GC(0) Weak: 1443 encountered, 364 discovered, 323 enqueued
[2024-08-12T17:01:10.966+0900][1.043s][info][gc,ref      ] GC(0) Final: 0 encountered, 0 discovered, 0 enqueued
[2024-08-12T17:01:10.966+0900][1.043s][info][gc,ref      ] GC(0) Phantom: 533 encountered, 519 discovered, 436 enqueued
[2024-08-12T17:01:10.966+0900][1.043s][info][gc,reloc    ] GC(0) Small Pages: 31 / 62M, Empty: 0M, Relocated: 6M, In-Place: 0
[2024-08-12T17:01:10.966+0900][1.043s][info][gc,reloc    ] GC(0) Medium Pages: 0 / 0M, Empty: 0M, Relocated: 0M, In-Place: 0
[2024-08-12T17:01:10.966+0900][1.043s][info][gc,reloc    ] GC(0) Large Pages: 0 / 0M, Empty: 0M, Relocated: 0M, In-Place: 0
[2024-08-12T17:01:10.966+0900][1.043s][info][gc,reloc    ] GC(0) Forwarding Usage: 2M
[2024-08-12T17:01:10.966+0900][1.043s][info][gc,heap     ] GC(0) Min Capacity: 8M(0%)
[2024-08-12T17:01:10.966+0900][1.043s][info][gc,heap     ] GC(0) Max Capacity: 8088M(100%)
[2024-08-12T17:01:10.966+0900][1.043s][info][gc,heap     ] GC(0) Soft Max Capacity: 8088M(100%)
[2024-08-12T17:01:10.966+0900][1.043s][info][gc,heap     ] GC(0)                Mark Start          Mark End        Relocate Start      Relocate End           High               Low         
[2024-08-12T17:01:10.966+0900][1.043s][info][gc,heap     ] GC(0)  Capacity:      506M (6%)          506M (6%)          506M (6%)          506M (6%)          506M (6%)          506M (6%)     
[2024-08-12T17:01:10.966+0900][1.043s][info][gc,heap     ] GC(0)      Free:     8026M (99%)        8024M (99%)        8022M (99%)        8070M (100%)       8070M (100%)       8014M (99%)    
[2024-08-12T17:01:10.966+0900][1.043s][info][gc,heap     ] GC(0)      Used:       62M (1%)           64M (1%)           66M (1%)           18M (0%)           74M (1%)           18M (0%)     
[2024-08-12T17:01:10.966+0900][1.043s][info][gc,heap     ] GC(0)      Live:         -                 7M (0%)            7M (0%)            7M (0%)             -                  -          
[2024-08-12T17:01:10.966+0900][1.043s][info][gc,heap     ] GC(0) Allocated:         -                 2M (0%)            4M (0%)            5M (0%)             -                  -          
[2024-08-12T17:01:10.966+0900][1.043s][info][gc,heap     ] GC(0)   Garbage:         -                54M (1%)           54M (1%)            4M (0%)             -                  -          
[2024-08-12T17:01:10.966+0900][1.043s][info][gc,heap     ] GC(0) Reclaimed:         -                  -                 0M (0%)           49M (1%)             -                  -          
[2024-08-12T17:01:10.966+0900][1.043s][info][gc          ] GC(0) Garbage Collection (Metadata GC Threshold) 62M(1%)->18M(0%)
[2024-08-12T17:01:19.996+0900][10.073s][info][gc,stats    ] === Garbage Collection Statistics =======================================================================================================================
[2024-08-12T17:01:19.996+0900][10.073s][info][gc,stats    ]                                                              Last 10s              Last 10m              Last 10h                Total
[2024-08-12T17:01:19.996+0900][10.073s][info][gc,stats    ]                                                              Avg / Max             Avg / Max             Avg / Max             Avg / Max
[2024-08-12T17:01:19.996+0900][10.073s][info][gc,stats    ]   Collector: Garbage Collection Cycle                     19.803 / 19.803       19.803 / 19.803       19.803 / 19.803       19.803 / 19.803      ms
[2024-08-12T17:01:19.996+0900][10.073s][info][gc,stats    ]  Contention: Mark Segment Reset Contention                     0 / 0                 0 / 0                 0 / 0                 0 / 0           ops/s
[2024-08-12T17:01:19.996+0900][10.073s][info][gc,stats    ]  Contention: Mark SeqNum Reset Contention                      0 / 0                 0 / 0                 0 / 0                 0 / 0           ops/s
[2024-08-12T17:01:19.996+0900][10.073s][info][gc,stats    ]    Critical: Allocation Stall                                  0 / 0                 0 / 0                 0 / 0                 0 / 0           ops/s
[2024-08-12T17:01:19.996+0900][10.073s][info][gc,stats    ]    Critical: Allocation Stall                              0.000 / 0.000         0.000 / 0.000         0.000 / 0.000         0.000 / 0.000       ms
[2024-08-12T17:01:19.996+0900][10.073s][info][gc,stats    ]    Critical: GC Locker Stall                                   0 / 0                 0 / 0                 0 / 0                 0 / 0           ops/s
[2024-08-12T17:01:19.996+0900][10.073s][info][gc,stats    ]    Critical: GC Locker Stall                               0.000 / 0.000         0.000 / 0.000         0.000 / 0.000         0.000 / 0.000       ms
[2024-08-12T17:01:19.996+0900][10.073s][info][gc,stats    ]    Critical: Relocation Stall                                  0 / 0                 0 / 0                 0 / 0                 0 / 0           ops/s
[2024-08-12T17:01:19.996+0900][10.073s][info][gc,stats    ]    Critical: Relocation Stall                              0.000 / 0.000         0.000 / 0.000         0.000 / 0.000         0.000 / 0.000       ms
[2024-08-12T17:01:19.996+0900][10.073s][info][gc,stats    ]      Memory: Allocation Rate                                  18 / 118              18 / 118              18 / 118              18 / 118         MB/s
[2024-08-12T17:01:19.996+0900][10.073s][info][gc,stats    ]      Memory: Out Of Memory                                     0 / 0                 0 / 0                 0 / 0                 0 / 0           ops/s
[2024-08-12T17:01:19.996+0900][10.073s][info][gc,stats    ]      Memory: Page Cache Flush                                  0 / 0                 0 / 0                 0 / 0                 0 / 0           MB/s
[2024-08-12T17:01:19.996+0900][10.073s][info][gc,stats    ]      Memory: Page Cache Hit L1                                 3 / 27                3 / 27                3 / 27                3 / 27          ops/s
[2024-08-12T17:01:19.996+0900][10.073s][info][gc,stats    ]      Memory: Page Cache Hit L2                                 0 / 0                 0 / 0                 0 / 0                 0 / 0           ops/s
[2024-08-12T17:01:19.996+0900][10.073s][info][gc,stats    ]      Memory: Page Cache Hit L3                                 6 / 37                6 / 37                6 / 37                6 / 37          ops/s
[2024-08-12T17:01:19.996+0900][10.073s][info][gc,stats    ]      Memory: Page Cache Miss                                   0 / 1                 0 / 1                 0 / 1                 0 / 1           ops/s
[2024-08-12T17:01:19.996+0900][10.073s][info][gc,stats    ]      Memory: Uncommit                                          0 / 0                 0 / 0                 0 / 0                 0 / 0           MB/s
[2024-08-12T17:01:19.996+0900][10.073s][info][gc,stats    ]      Memory: Undo Object Allocation Failed                     0 / 0                 0 / 0                 0 / 0                 0 / 0           ops/s
[2024-08-12T17:01:19.996+0900][10.073s][info][gc,stats    ]      Memory: Undo Object Allocation Succeeded                  0 / 1                 0 / 1                 0 / 1                 0 / 1           ops/s
[2024-08-12T17:01:19.996+0900][10.073s][info][gc,stats    ]      Memory: Undo Page Allocation                              0 / 0                 0 / 0                 0 / 0                 0 / 0           ops/s
[2024-08-12T17:01:19.996+0900][10.073s][info][gc,stats    ]       Phase: Concurrent Mark                               9.665 / 9.665         9.665 / 9.665         9.665 / 9.665         9.665 / 9.665       ms
[2024-08-12T17:01:19.996+0900][10.073s][info][gc,stats    ]       Phase: Concurrent Mark Continue                      0.000 / 0.000         0.000 / 0.000         0.000 / 0.000         0.000 / 0.000       ms
[2024-08-12T17:01:19.996+0900][10.073s][info][gc,stats    ]       Phase: Concurrent Mark Free                          0.001 / 0.001         0.001 / 0.001         0.001 / 0.001         0.001 / 0.001       ms
[2024-08-12T17:01:19.996+0900][10.073s][info][gc,stats    ]       Phase: Concurrent Process Non-Strong References      1.073 / 1.073         1.073 / 1.073         1.073 / 1.073         1.073 / 1.073       ms
[2024-08-12T17:01:19.996+0900][10.073s][info][gc,stats    ]       Phase: Concurrent Relocate                           2.128 / 2.128         2.128 / 2.128         2.128 / 2.128         2.128 / 2.128       ms
[2024-08-12T17:01:19.996+0900][10.073s][info][gc,stats    ]       Phase: Concurrent Reset Relocation Set               0.000 / 0.000         0.000 / 0.000         0.000 / 0.000         0.000 / 0.000       ms
[2024-08-12T17:01:19.996+0900][10.073s][info][gc,stats    ]       Phase: Concurrent Select Relocation Set              6.099 / 6.099         6.099 / 6.099         6.099 / 6.099         6.099 / 6.099       ms
[2024-08-12T17:01:19.996+0900][10.073s][info][gc,stats    ]       Phase: Pause Mark End                                0.014 / 0.014         0.014 / 0.014         0.014 / 0.014         0.014 / 0.014       ms
[2024-08-12T17:01:19.996+0900][10.073s][info][gc,stats    ]       Phase: Pause Mark Start                              0.006 / 0.006         0.006 / 0.006         0.006 / 0.006         0.006 / 0.006       ms
[2024-08-12T17:01:19.996+0900][10.073s][info][gc,stats    ]       Phase: Pause Relocate Start                          0.007 / 0.007         0.007 / 0.007         0.007 / 0.007         0.007 / 0.007       ms
[2024-08-12T17:01:19.996+0900][10.073s][info][gc,stats    ]    Subphase: Concurrent Classes Purge                      0.049 / 0.049         0.049 / 0.049         0.049 / 0.049         0.049 / 0.049       ms
[2024-08-12T17:01:19.996+0900][10.073s][info][gc,stats    ]    Subphase: Concurrent Classes Unlink                     0.740 / 0.740         0.740 / 0.740         0.740 / 0.740         0.740 / 0.740       ms
[2024-08-12T17:01:19.996+0900][10.073s][info][gc,stats    ]    Subphase: Concurrent Mark                               8.760 / 8.960         8.760 / 8.960         8.760 / 8.960         8.760 / 8.960       ms
[2024-08-12T17:01:19.996+0900][10.073s][info][gc,stats    ]    Subphase: Concurrent Mark Try Flush                     0.056 / 0.077         0.056 / 0.077         0.056 / 0.077         0.056 / 0.077       ms
[2024-08-12T17:01:19.996+0900][10.073s][info][gc,stats    ]    Subphase: Concurrent Mark Try Terminate                 1.821 / 2.801         1.821 / 2.801         1.821 / 2.801         1.821 / 2.801       ms
[2024-08-12T17:01:19.996+0900][10.073s][info][gc,stats    ]    Subphase: Concurrent References Enqueue                 0.004 / 0.004         0.004 / 0.004         0.004 / 0.004         0.004 / 0.004       ms
[2024-08-12T17:01:19.996+0900][10.073s][info][gc,stats    ]    Subphase: Concurrent References Process                 0.107 / 0.107         0.107 / 0.107         0.107 / 0.107         0.107 / 0.107       ms
[2024-08-12T17:01:19.996+0900][10.073s][info][gc,stats    ]    Subphase: Concurrent Roots ClassLoaderDataGraph         0.107 / 0.211         0.107 / 0.211         0.107 / 0.211         0.107 / 0.211       ms
[2024-08-12T17:01:19.996+0900][10.073s][info][gc,stats    ]    Subphase: Concurrent Roots CodeCache                    0.000 / 0.000         0.000 / 0.000         0.000 / 0.000         0.000 / 0.000       ms
[2024-08-12T17:01:19.996+0900][10.073s][info][gc,stats    ]    Subphase: Concurrent Roots JavaThreads                  0.273 / 0.523         0.273 / 0.523         0.273 / 0.523         0.273 / 0.523       ms
[2024-08-12T17:01:19.996+0900][10.073s][info][gc,stats    ]    Subphase: Concurrent Roots OopStorageSet                0.029 / 0.045         0.029 / 0.045         0.029 / 0.045         0.029 / 0.045       ms
[2024-08-12T17:01:19.996+0900][10.073s][info][gc,stats    ]    Subphase: Concurrent Weak Roots OopStorageSet           0.102 / 0.104         0.102 / 0.104         0.102 / 0.104         0.102 / 0.104       ms
[2024-08-12T17:01:19.996+0900][10.073s][info][gc,stats    ]    Subphase: Pause Mark Try Complete                       0.000 / 0.000         0.000 / 0.000         0.000 / 0.000         0.000 / 0.000       ms
[2024-08-12T17:01:19.996+0900][10.073s][info][gc,stats    ]      System: Java Threads                                     18 / 18               18 / 18               18 / 18               18 / 18          threads
[2024-08-12T17:01:19.996+0900][10.073s][info][gc,stats    ] =========================================================================================================================================================
[2024-08-12T17:01:29.991+0900][20.069s][info][gc,stats    ] === Garbage Collection Statistics =======================================================================================================================
[2024-08-12T17:01:29.991+0900][20.069s][info][gc,stats    ]                                                              Last 10s              Last 10m              Last 10h                Total
[2024-08-12T17:01:29.991+0900][20.069s][info][gc,stats    ]                                                              Avg / Max             Avg / Max             Avg / Max             Avg / Max
[2024-08-12T17:01:29.991+0900][20.069s][info][gc,stats    ]   Collector: Garbage Collection Cycle                      0.000 / 0.000        19.803 / 19.803       19.803 / 19.803       19.803 / 19.803      ms
[2024-08-12T17:01:29.991+0900][20.069s][info][gc,stats    ]  Contention: Mark Segment Reset Contention                     0 / 0                 0 / 0                 0 / 0                 0 / 0           ops/s
[2024-08-12T17:01:29.991+0900][20.069s][info][gc,stats    ]  Contention: Mark SeqNum Reset Contention                      0 / 0                 0 / 0                 0 / 0                 0 / 0           ops/s
[2024-08-12T17:01:29.991+0900][20.069s][info][gc,stats    ]    Critical: Allocation Stall                                  0 / 0                 0 / 0                 0 / 0                 0 / 0           ops/s
[2024-08-12T17:01:29.991+0900][20.069s][info][gc,stats    ]    Critical: Allocation Stall                              0.000 / 0.000         0.000 / 0.000         0.000 / 0.000         0.000 / 0.000       ms
[2024-08-12T17:01:29.991+0900][20.069s][info][gc,stats    ]    Critical: GC Locker Stall                                   0 / 0                 0 / 0                 0 / 0                 0 / 0           ops/s
[2024-08-12T17:01:29.992+0900][20.069s][info][gc,stats    ]    Critical: GC Locker Stall                               0.000 / 0.000         0.000 / 0.000         0.000 / 0.000         0.000 / 0.000       ms
[2024-08-12T17:01:29.992+0900][20.069s][info][gc,stats    ]    Critical: Relocation Stall                                  0 / 0                 0 / 0                 0 / 0                 0 / 0           ops/s
[2024-08-12T17:01:29.992+0900][20.069s][info][gc,stats    ]    Critical: Relocation Stall                              0.000 / 0.000         0.000 / 0.000         0.000 / 0.000         0.000 / 0.000       ms
[2024-08-12T17:01:29.992+0900][20.069s][info][gc,stats    ]      Memory: Allocation Rate                                   0 / 0                 9 / 118               9 / 118               9 / 118         MB/s
[2024-08-12T17:01:29.992+0900][20.069s][info][gc,stats    ]      Memory: Out Of Memory                                     0 / 0                 0 / 0                 0 / 0                 0 / 0           ops/s
[2024-08-12T17:01:29.992+0900][20.070s][info][gc,stats    ]      Memory: Page Cache Flush                                  0 / 0                 0 / 0                 0 / 0                 0 / 0           MB/s
[2024-08-12T17:01:29.992+0900][20.070s][info][gc,stats    ]      Memory: Page Cache Hit L1                                 0 / 0                 1 / 27                1 / 27                1 / 27          ops/s
[2024-08-12T17:01:29.992+0900][20.070s][info][gc,stats    ]      Memory: Page Cache Hit L2                                 0 / 0                 0 / 0                 0 / 0                 0 / 0           ops/s
[2024-08-12T17:01:29.992+0900][20.070s][info][gc,stats    ]      Memory: Page Cache Hit L3                                 0 / 0                 3 / 37                3 / 37                3 / 37          ops/s
[2024-08-12T17:01:29.992+0900][20.070s][info][gc,stats    ]      Memory: Page Cache Miss                                   0 / 0                 0 / 1                 0 / 1                 0 / 1           ops/s
[2024-08-12T17:01:29.992+0900][20.070s][info][gc,stats    ]      Memory: Uncommit                                          0 / 0                 0 / 0                 0 / 0                 0 / 0           MB/s
[2024-08-12T17:01:29.992+0900][20.070s][info][gc,stats    ]      Memory: Undo Object Allocation Failed                     0 / 0                 0 / 0                 0 / 0                 0 / 0           ops/s
[2024-08-12T17:01:29.992+0900][20.070s][info][gc,stats    ]      Memory: Undo Object Allocation Succeeded                  0 / 0                 0 / 1                 0 / 1                 0 / 1           ops/s
[2024-08-12T17:01:29.992+0900][20.070s][info][gc,stats    ]      Memory: Undo Page Allocation                              0 / 0                 0 / 0                 0 / 0                 0 / 0           ops/s
[2024-08-12T17:01:29.992+0900][20.070s][info][gc,stats    ]       Phase: Concurrent Mark                               0.000 / 0.000         9.665 / 9.665         9.665 / 9.665         9.665 / 9.665       ms
[2024-08-12T17:01:29.992+0900][20.070s][info][gc,stats    ]       Phase: Concurrent Mark Continue                      0.000 / 0.000         0.000 / 0.000         0.000 / 0.000         0.000 / 0.000       ms
[2024-08-12T17:01:29.992+0900][20.070s][info][gc,stats    ]       Phase: Concurrent Mark Free                          0.000 / 0.000         0.001 / 0.001         0.001 / 0.001         0.001 / 0.001       ms
[2024-08-12T17:01:29.992+0900][20.070s][info][gc,stats    ]       Phase: Concurrent Process Non-Strong References      0.000 / 0.000         1.073 / 1.073         1.073 / 1.073         1.073 / 1.073       ms
[2024-08-12T17:01:29.992+0900][20.070s][info][gc,stats    ]       Phase: Concurrent Relocate                           0.000 / 0.000         2.128 / 2.128         2.128 / 2.128         2.128 / 2.128       ms
[2024-08-12T17:01:29.992+0900][20.070s][info][gc,stats    ]       Phase: Concurrent Reset Relocation Set               0.000 / 0.000         0.000 / 0.000         0.000 / 0.000         0.000 / 0.000       ms
[2024-08-12T17:01:29.992+0900][20.070s][info][gc,stats    ]       Phase: Concurrent Select Relocation Set              0.000 / 0.000         6.099 / 6.099         6.099 / 6.099         6.099 / 6.099       ms
[2024-08-12T17:01:29.992+0900][20.070s][info][gc,stats    ]       Phase: Pause Mark End                                0.000 / 0.000         0.014 / 0.014         0.014 / 0.014         0.014 / 0.014       ms
[2024-08-12T17:01:29.992+0900][20.070s][info][gc,stats    ]       Phase: Pause Mark Start                              0.000 / 0.000         0.006 / 0.006         0.006 / 0.006         0.006 / 0.006       ms
[2024-08-12T17:01:29.992+0900][20.070s][info][gc,stats    ]       Phase: Pause Relocate Start                          0.000 / 0.000         0.007 / 0.007         0.007 / 0.007         0.007 / 0.007       ms
[2024-08-12T17:01:29.992+0900][20.070s][info][gc,stats    ]    Subphase: Concurrent Classes Purge                      0.000 / 0.000         0.049 / 0.049         0.049 / 0.049         0.049 / 0.049       ms
[2024-08-12T17:01:29.992+0900][20.070s][info][gc,stats    ]    Subphase: Concurrent Classes Unlink                     0.000 / 0.000         0.740 / 0.740         0.740 / 0.740         0.740 / 0.740       ms
[2024-08-12T17:01:29.992+0900][20.070s][info][gc,stats    ]    Subphase: Concurrent Mark                               0.000 / 0.000         8.760 / 8.960         8.760 / 8.960         8.760 / 8.960       ms
[2024-08-12T17:01:29.992+0900][20.070s][info][gc,stats    ]    Subphase: Concurrent Mark Try Flush                     0.000 / 0.000         0.056 / 0.077         0.056 / 0.077         0.056 / 0.077       ms
[2024-08-12T17:01:29.992+0900][20.070s][info][gc,stats    ]    Subphase: Concurrent Mark Try Terminate                 0.000 / 0.000         1.821 / 2.801         1.821 / 2.801         1.821 / 2.801       ms
[2024-08-12T17:01:29.992+0900][20.070s][info][gc,stats    ]    Subphase: Concurrent References Enqueue                 0.000 / 0.000         0.004 / 0.004         0.004 / 0.004         0.004 / 0.004       ms
[2024-08-12T17:01:29.992+0900][20.070s][info][gc,stats    ]    Subphase: Concurrent References Process                 0.000 / 0.000         0.107 / 0.107         0.107 / 0.107         0.107 / 0.107       ms
[2024-08-12T17:01:29.992+0900][20.070s][info][gc,stats    ]    Subphase: Concurrent Roots ClassLoaderDataGraph         0.000 / 0.000         0.107 / 0.211         0.107 / 0.211         0.107 / 0.211       ms
[2024-08-12T17:01:29.992+0900][20.070s][info][gc,stats    ]    Subphase: Concurrent Roots CodeCache                    0.000 / 0.000         0.000 / 0.000         0.000 / 0.000         0.000 / 0.000       ms
[2024-08-12T17:01:29.992+0900][20.070s][info][gc,stats    ]    Subphase: Concurrent Roots JavaThreads                  0.000 / 0.000         0.273 / 0.523         0.273 / 0.523         0.273 / 0.523       ms
[2024-08-12T17:01:29.992+0900][20.070s][info][gc,stats    ]    Subphase: Concurrent Roots OopStorageSet                0.000 / 0.000         0.029 / 0.045         0.029 / 0.045         0.029 / 0.045       ms
[2024-08-12T17:01:29.992+0900][20.070s][info][gc,stats    ]    Subphase: Concurrent Weak Roots OopStorageSet           0.000 / 0.000         0.102 / 0.104         0.102 / 0.104         0.102 / 0.104       ms
[2024-08-12T17:01:29.992+0900][20.070s][info][gc,stats    ]    Subphase: Pause Mark Try Complete                       0.000 / 0.000         0.000 / 0.000         0.000 / 0.000         0.000 / 0.000       ms
[2024-08-12T17:01:29.992+0900][20.070s][info][gc,stats    ]      System: Java Threads                                      0 / 0                18 / 18               18 / 18               18 / 18          threads
[2024-08-12T17:01:29.992+0900][20.070s][info][gc,stats    ] =========================================================================================================================================================
[2024-08-12T17:01:39.991+0900][30.068s][info][gc,stats    ] === Garbage Collection Statistics =======================================================================================================================
[2024-08-12T17:01:39.991+0900][30.068s][info][gc,stats    ]                                                              Last 10s              Last 10m              Last 10h                Total
[2024-08-12T17:01:39.991+0900][30.068s][info][gc,stats    ]                                                              Avg / Max             Avg / Max             Avg / Max             Avg / Max
[2024-08-12T17:01:39.991+0900][30.068s][info][gc,stats    ]   Collector: Garbage Collection Cycle                      0.000 / 0.000        19.803 / 19.803       19.803 / 19.803       19.803 / 19.803      ms
[2024-08-12T17:01:39.991+0900][30.068s][info][gc,stats    ]  Contention: Mark Segment Reset Contention                     0 / 0                 0 / 0                 0 / 0                 0 / 0           ops/s
[2024-08-12T17:01:39.991+0900][30.068s][info][gc,stats    ]  Contention: Mark SeqNum Reset Contention                      0 / 0                 0 / 0                 0 / 0                 0 / 0           ops/s
[2024-08-12T17:01:39.991+0900][30.068s][info][gc,stats    ]    Critical: Allocation Stall                                  0 / 0                 0 / 0                 0 / 0                 0 / 0           ops/s
[2024-08-12T17:01:39.991+0900][30.068s][info][gc,stats    ]    Critical: Allocation Stall                              0.000 / 0.000         0.000 / 0.000         0.000 / 0.000         0.000 / 0.000       ms
[2024-08-12T17:01:39.991+0900][30.068s][info][gc,stats    ]    Critical: GC Locker Stall                                   0 / 0                 0 / 0                 0 / 0                 0 / 0           ops/s
[2024-08-12T17:01:39.991+0900][30.068s][info][gc,stats    ]    Critical: GC Locker Stall                               0.000 / 0.000         0.000 / 0.000         0.000 / 0.000         0.000 / 0.000       ms
[2024-08-12T17:01:39.991+0900][30.068s][info][gc,stats    ]    Critical: Relocation Stall                                  0 / 0                 0 / 0                 0 / 0                 0 / 0           ops/s
[2024-08-12T17:01:39.991+0900][30.068s][info][gc,stats    ]    Critical: Relocation Stall                              0.000 / 0.000         0.000 / 0.000         0.000 / 0.000         0.000 / 0.000       ms
[2024-08-12T17:01:39.991+0900][30.068s][info][gc,stats    ]      Memory: Allocation Rate                                   0 / 0                 6 / 118               6 / 118               6 / 118         MB/s
[2024-08-12T17:01:39.991+0900][30.068s][info][gc,stats    ]      Memory: Out Of Memory                                     0 / 0                 0 / 0                 0 / 0                 0 / 0           ops/s
[2024-08-12T17:01:39.991+0900][30.068s][info][gc,stats    ]      Memory: Page Cache Flush                                  0 / 0                 0 / 0                 0 / 0                 0 / 0           MB/s
[2024-08-12T17:01:39.991+0900][30.068s][info][gc,stats    ]      Memory: Page Cache Hit L1                                 0 / 0                 1 / 27                1 / 27                1 / 27          ops/s
[2024-08-12T17:01:39.991+0900][30.068s][info][gc,stats    ]      Memory: Page Cache Hit L2                                 0 / 0                 0 / 0                 0 / 0                 0 / 0           ops/s
[2024-08-12T17:01:39.991+0900][30.068s][info][gc,stats    ]      Memory: Page Cache Hit L3                                 0 / 0                 2 / 37                2 / 37                2 / 37          ops/s
[2024-08-12T17:01:39.991+0900][30.068s][info][gc,stats    ]      Memory: Page Cache Miss                                   0 / 0                 0 / 1                 0 / 1                 0 / 1           ops/s
[2024-08-12T17:01:39.991+0900][30.068s][info][gc,stats    ]      Memory: Uncommit                                          0 / 0                 0 / 0                 0 / 0                 0 / 0           MB/s
[2024-08-12T17:01:39.991+0900][30.068s][info][gc,stats    ]      Memory: Undo Object Allocation Failed                     0 / 0                 0 / 0                 0 / 0                 0 / 0           ops/s
[2024-08-12T17:01:39.991+0900][30.068s][info][gc,stats    ]      Memory: Undo Object Allocation Succeeded                  0 / 0                 0 / 1                 0 / 1                 0 / 1           ops/s
[2024-08-12T17:01:39.991+0900][30.068s][info][gc,stats    ]      Memory: Undo Page Allocation                              0 / 0                 0 / 0                 0 / 0                 0 / 0           ops/s
[2024-08-12T17:01:39.991+0900][30.068s][info][gc,stats    ]       Phase: Concurrent Mark                               0.000 / 0.000         9.665 / 9.665         9.665 / 9.665         9.665 / 9.665       ms
[2024-08-12T17:01:39.991+0900][30.068s][info][gc,stats    ]       Phase: Concurrent Mark Continue                      0.000 / 0.000         0.000 / 0.000         0.000 / 0.000         0.000 / 0.000       ms
[2024-08-12T17:01:39.991+0900][30.068s][info][gc,stats    ]       Phase: Concurrent Mark Free                          0.000 / 0.000         0.001 / 0.001         0.001 / 0.001         0.001 / 0.001       ms
[2024-08-12T17:01:39.991+0900][30.068s][info][gc,stats    ]       Phase: Concurrent Process Non-Strong References      0.000 / 0.000         1.073 / 1.073         1.073 / 1.073         1.073 / 1.073       ms
[2024-08-12T17:01:39.991+0900][30.069s][info][gc,stats    ]       Phase: Concurrent Relocate                           0.000 / 0.000         2.128 / 2.128         2.128 / 2.128         2.128 / 2.128       ms
[2024-08-12T17:01:39.991+0900][30.069s][info][gc,stats    ]       Phase: Concurrent Reset Relocation Set               0.000 / 0.000         0.000 / 0.000         0.000 / 0.000         0.000 / 0.000       ms
[2024-08-12T17:01:39.991+0900][30.069s][info][gc,stats    ]       Phase: Concurrent Select Relocation Set              0.000 / 0.000         6.099 / 6.099         6.099 / 6.099         6.099 / 6.099       ms
[2024-08-12T17:01:39.992+0900][30.069s][info][gc,stats    ]       Phase: Pause Mark End                                0.000 / 0.000         0.014 / 0.014         0.014 / 0.014         0.014 / 0.014       ms
[2024-08-12T17:01:39.992+0900][30.069s][info][gc,stats    ]       Phase: Pause Mark Start                              0.000 / 0.000         0.006 / 0.006         0.006 / 0.006         0.006 / 0.006       ms
[2024-08-12T17:01:39.992+0900][30.069s][info][gc,stats    ]       Phase: Pause Relocate Start                          0.000 / 0.000         0.007 / 0.007         0.007 / 0.007         0.007 / 0.007       ms
[2024-08-12T17:01:39.992+0900][30.069s][info][gc,stats    ]    Subphase: Concurrent Classes Purge                      0.000 / 0.000         0.049 / 0.049         0.049 / 0.049         0.049 / 0.049       ms
[2024-08-12T17:01:39.992+0900][30.069s][info][gc,stats    ]    Subphase: Concurrent Classes Unlink                     0.000 / 0.000         0.740 / 0.740         0.740 / 0.740         0.740 / 0.740       ms
[2024-08-12T17:01:39.992+0900][30.069s][info][gc,stats    ]    Subphase: Concurrent Mark                               0.000 / 0.000         8.760 / 8.960         8.760 / 8.960         8.760 / 8.960       ms
[2024-08-12T17:01:39.992+0900][30.069s][info][gc,stats    ]    Subphase: Concurrent Mark Try Flush                     0.000 / 0.000         0.056 / 0.077         0.056 / 0.077         0.056 / 0.077       ms
[2024-08-12T17:01:39.992+0900][30.069s][info][gc,stats    ]    Subphase: Concurrent Mark Try Terminate                 0.000 / 0.000         1.821 / 2.801         1.821 / 2.801         1.821 / 2.801       ms
[2024-08-12T17:01:39.992+0900][30.069s][info][gc,stats    ]    Subphase: Concurrent References Enqueue                 0.000 / 0.000         0.004 / 0.004         0.004 / 0.004         0.004 / 0.004       ms
[2024-08-12T17:01:39.992+0900][30.069s][info][gc,stats    ]    Subphase: Concurrent References Process                 0.000 / 0.000         0.107 / 0.107         0.107 / 0.107         0.107 / 0.107       ms
[2024-08-12T17:01:39.992+0900][30.069s][info][gc,stats    ]    Subphase: Concurrent Roots ClassLoaderDataGraph         0.000 / 0.000         0.107 / 0.211         0.107 / 0.211         0.107 / 0.211       ms
[2024-08-12T17:01:39.992+0900][30.069s][info][gc,stats    ]    Subphase: Concurrent Roots CodeCache                    0.000 / 0.000         0.000 / 0.000         0.000 / 0.000         0.000 / 0.000       ms
[2024-08-12T17:01:39.992+0900][30.069s][info][gc,stats    ]    Subphase: Concurrent Roots JavaThreads                  0.000 / 0.000         0.273 / 0.523         0.273 / 0.523         0.273 / 0.523       ms
[2024-08-12T17:01:39.992+0900][30.069s][info][gc,stats    ]    Subphase: Concurrent Roots OopStorageSet                0.000 / 0.000         0.029 / 0.045         0.029 / 0.045         0.029 / 0.045       ms
[2024-08-12T17:01:39.992+0900][30.069s][info][gc,stats    ]    Subphase: Concurrent Weak Roots OopStorageSet           0.000 / 0.000         0.102 / 0.104         0.102 / 0.104         0.102 / 0.104       ms
[2024-08-12T17:01:39.992+0900][30.069s][info][gc,stats    ]    Subphase: Pause Mark Try Complete                       0.000 / 0.000         0.000 / 0.000         0.000 / 0.000         0.000 / 0.000       ms
[2024-08-12T17:01:39.992+0900][30.069s][info][gc,stats    ]      System: Java Threads                                      0 / 0                18 / 18               18 / 18               18 / 18          threads
[2024-08-12T17:01:39.992+0900][30.069s][info][gc,stats    ] =========================================================================================================================================================
[2024-08-12T17:01:49.983+0900][40.060s][info][gc,stats    ] === Garbage Collection Statistics =======================================================================================================================
[2024-08-12T17:01:49.983+0900][40.061s][info][gc,stats    ]                                                              Last 10s              Last 10m              Last 10h                Total
[2024-08-12T17:01:49.983+0900][40.061s][info][gc,stats    ]                                                              Avg / Max             Avg / Max             Avg / Max             Avg / Max
[2024-08-12T17:01:49.983+0900][40.061s][info][gc,stats    ]   Collector: Garbage Collection Cycle                      0.000 / 0.000        19.803 / 19.803       19.803 / 19.803       19.803 / 19.803      ms
[2024-08-12T17:01:49.983+0900][40.061s][info][gc,stats    ]  Contention: Mark Segment Reset Contention                     0 / 0                 0 / 0                 0 / 0                 0 / 0           ops/s
[2024-08-12T17:01:49.983+0900][40.061s][info][gc,stats    ]  Contention: Mark SeqNum Reset Contention                      0 / 0                 0 / 0                 0 / 0                 0 / 0           ops/s
[2024-08-12T17:01:49.983+0900][40.061s][info][gc,stats    ]    Critical: Allocation Stall                                  0 / 0                 0 / 0                 0 / 0                 0 / 0           ops/s
[2024-08-12T17:01:49.983+0900][40.061s][info][gc,stats    ]    Critical: Allocation Stall                              0.000 / 0.000         0.000 / 0.000         0.000 / 0.000         0.000 / 0.000       ms
[2024-08-12T17:01:49.983+0900][40.061s][info][gc,stats    ]    Critical: GC Locker Stall                                   0 / 0                 0 / 0                 0 / 0                 0 / 0           ops/s
[2024-08-12T17:01:49.983+0900][40.061s][info][gc,stats    ]    Critical: GC Locker Stall                               0.000 / 0.000         0.000 / 0.000         0.000 / 0.000         0.000 / 0.000       ms
[2024-08-12T17:01:49.983+0900][40.061s][info][gc,stats    ]    Critical: Relocation Stall                                  0 / 0                 0 / 0                 0 / 0                 0 / 0           ops/s
[2024-08-12T17:01:49.983+0900][40.061s][info][gc,stats    ]    Critical: Relocation Stall                              0.000 / 0.000         0.000 / 0.000         0.000 / 0.000         0.000 / 0.000       ms
[2024-08-12T17:01:49.983+0900][40.061s][info][gc,stats    ]      Memory: Allocation Rate                                   0 / 0                 4 / 118               4 / 118               4 / 118         MB/s
[2024-08-12T17:01:49.983+0900][40.061s][info][gc,stats    ]      Memory: Out Of Memory                                     0 / 0                 0 / 0                 0 / 0                 0 / 0           ops/s
[2024-08-12T17:01:49.983+0900][40.061s][info][gc,stats    ]      Memory: Page Cache Flush                                  0 / 0                 0 / 0                 0 / 0                 0 / 0           MB/s
[2024-08-12T17:01:49.983+0900][40.061s][info][gc,stats    ]      Memory: Page Cache Hit L1                                 0 / 0                 0 / 27                0 / 27                0 / 27          ops/s
[2024-08-12T17:01:49.983+0900][40.061s][info][gc,stats    ]      Memory: Page Cache Hit L2                                 0 / 0                 0 / 0                 0 / 0                 0 / 0           ops/s
[2024-08-12T17:01:49.983+0900][40.061s][info][gc,stats    ]      Memory: Page Cache Hit L3                                 0 / 0                 1 / 37                1 / 37                1 / 37          ops/s
[2024-08-12T17:01:49.983+0900][40.061s][info][gc,stats    ]      Memory: Page Cache Miss                                   0 / 0                 0 / 1                 0 / 1                 0 / 1           ops/s
[2024-08-12T17:01:49.983+0900][40.061s][info][gc,stats    ]      Memory: Uncommit                                          0 / 0                 0 / 0                 0 / 0                 0 / 0           MB/s
[2024-08-12T17:01:49.983+0900][40.061s][info][gc,stats    ]      Memory: Undo Object Allocation Failed                     0 / 0                 0 / 0                 0 / 0                 0 / 0           ops/s
[2024-08-12T17:01:49.983+0900][40.061s][info][gc,stats    ]      Memory: Undo Object Allocation Succeeded                  0 / 0                 0 / 1                 0 / 1                 0 / 1           ops/s
[2024-08-12T17:01:49.983+0900][40.061s][info][gc,stats    ]      Memory: Undo Page Allocation                              0 / 0                 0 / 0                 0 / 0                 0 / 0           ops/s
[2024-08-12T17:01:49.983+0900][40.061s][info][gc,stats    ]       Phase: Concurrent Mark                               0.000 / 0.000         9.665 / 9.665         9.665 / 9.665         9.665 / 9.665       ms
[2024-08-12T17:01:49.983+0900][40.061s][info][gc,stats    ]       Phase: Concurrent Mark Continue                      0.000 / 0.000         0.000 / 0.000         0.000 / 0.000         0.000 / 0.000       ms
[2024-08-12T17:01:49.983+0900][40.061s][info][gc,stats    ]       Phase: Concurrent Mark Free                          0.000 / 0.000         0.001 / 0.001         0.001 / 0.001         0.001 / 0.001       ms
[2024-08-12T17:01:49.983+0900][40.061s][info][gc,stats    ]       Phase: Concurrent Process Non-Strong References      0.000 / 0.000         1.073 / 1.073         1.073 / 1.073         1.073 / 1.073       ms
[2024-08-12T17:01:49.983+0900][40.061s][info][gc,stats    ]       Phase: Concurrent Relocate                           0.000 / 0.000         2.128 / 2.128         2.128 / 2.128         2.128 / 2.128       ms
[2024-08-12T17:01:49.983+0900][40.061s][info][gc,stats    ]       Phase: Concurrent Reset Relocation Set               0.000 / 0.000         0.000 / 0.000         0.000 / 0.000         0.000 / 0.000       ms
[2024-08-12T17:01:49.983+0900][40.061s][info][gc,stats    ]       Phase: Concurrent Select Relocation Set              0.000 / 0.000         6.099 / 6.099         6.099 / 6.099         6.099 / 6.099       ms
[2024-08-12T17:01:49.983+0900][40.061s][info][gc,stats    ]       Phase: Pause Mark End                                0.000 / 0.000         0.014 / 0.014         0.014 / 0.014         0.014 / 0.014       ms
[2024-08-12T17:01:49.983+0900][40.061s][info][gc,stats    ]       Phase: Pause Mark Start                              0.000 / 0.000         0.006 / 0.006         0.006 / 0.006         0.006 / 0.006       ms
[2024-08-12T17:01:49.983+0900][40.061s][info][gc,stats    ]       Phase: Pause Relocate Start                          0.000 / 0.000         0.007 / 0.007         0.007 / 0.007         0.007 / 0.007       ms
[2024-08-12T17:01:49.983+0900][40.061s][info][gc,stats    ]    Subphase: Concurrent Classes Purge                      0.000 / 0.000         0.049 / 0.049         0.049 / 0.049         0.049 / 0.049       ms
[2024-08-12T17:01:49.983+0900][40.061s][info][gc,stats    ]    Subphase: Concurrent Classes Unlink                     0.000 / 0.000         0.740 / 0.740         0.740 / 0.740         0.740 / 0.740       ms
[2024-08-12T17:01:49.983+0900][40.061s][info][gc,stats    ]    Subphase: Concurrent Mark                               0.000 / 0.000         8.760 / 8.960         8.760 / 8.960         8.760 / 8.960       ms
[2024-08-12T17:01:49.983+0900][40.061s][info][gc,stats    ]    Subphase: Concurrent Mark Try Flush                     0.000 / 0.000         0.056 / 0.077         0.056 / 0.077         0.056 / 0.077       ms
[2024-08-12T17:01:49.983+0900][40.061s][info][gc,stats    ]    Subphase: Concurrent Mark Try Terminate                 0.000 / 0.000         1.821 / 2.801         1.821 / 2.801         1.821 / 2.801       ms
[2024-08-12T17:01:49.983+0900][40.061s][info][gc,stats    ]    Subphase: Concurrent References Enqueue                 0.000 / 0.000         0.004 / 0.004         0.004 / 0.004         0.004 / 0.004       ms
[2024-08-12T17:01:49.983+0900][40.061s][info][gc,stats    ]    Subphase: Concurrent References Process                 0.000 / 0.000         0.107 / 0.107         0.107 / 0.107         0.107 / 0.107       ms
[2024-08-12T17:01:49.983+0900][40.061s][info][gc,stats    ]    Subphase: Concurrent Roots ClassLoaderDataGraph         0.000 / 0.000         0.107 / 0.211         0.107 / 0.211         0.107 / 0.211       ms
[2024-08-12T17:01:49.983+0900][40.061s][info][gc,stats    ]    Subphase: Concurrent Roots CodeCache                    0.000 / 0.000         0.000 / 0.000         0.000 / 0.000         0.000 / 0.000       ms
[2024-08-12T17:01:49.983+0900][40.061s][info][gc,stats    ]    Subphase: Concurrent Roots JavaThreads                  0.000 / 0.000         0.273 / 0.523         0.273 / 0.523         0.273 / 0.523       ms
[2024-08-12T17:01:49.983+0900][40.061s][info][gc,stats    ]    Subphase: Concurrent Roots OopStorageSet                0.000 / 0.000         0.029 / 0.045         0.029 / 0.045         0.029 / 0.045       ms
[2024-08-12T17:01:49.983+0900][40.061s][info][gc,stats    ]    Subphase: Concurrent Weak Roots OopStorageSet           0.000 / 0.000         0.102 / 0.104         0.102 / 0.104         0.102 / 0.104       ms
[2024-08-12T17:01:49.983+0900][40.061s][info][gc,stats    ]    Subphase: Pause Mark Try Complete                       0.000 / 0.000         0.000 / 0.000         0.000 / 0.000         0.000 / 0.000       ms
[2024-08-12T17:01:49.983+0900][40.061s][info][gc,stats    ]      System: Java Threads                                      0 / 0                18 / 18               18 / 18               18 / 18          threads
[2024-08-12T17:01:49.983+0900][40.061s][info][gc,stats    ] =========================================================================================================================================================
[2024-08-12T17:01:59.988+0900][50.065s][info][gc,stats    ] === Garbage Collection Statistics =======================================================================================================================
[2024-08-12T17:01:59.988+0900][50.065s][info][gc,stats    ]                                                              Last 10s              Last 10m              Last 10h                Total
[2024-08-12T17:01:59.988+0900][50.065s][info][gc,stats    ]                                                              Avg / Max             Avg / Max             Avg / Max             Avg / Max
[2024-08-12T17:01:59.988+0900][50.066s][info][gc,stats    ]   Collector: Garbage Collection Cycle                      0.000 / 0.000        19.803 / 19.803       19.803 / 19.803       19.803 / 19.803      ms
[2024-08-12T17:01:59.988+0900][50.066s][info][gc,stats    ]  Contention: Mark Segment Reset Contention                     0 / 0                 0 / 0                 0 / 0                 0 / 0           ops/s
[2024-08-12T17:01:59.988+0900][50.066s][info][gc,stats    ]  Contention: Mark SeqNum Reset Contention                      0 / 0                 0 / 0                 0 / 0                 0 / 0           ops/s
[2024-08-12T17:01:59.988+0900][50.066s][info][gc,stats    ]    Critical: Allocation Stall                                  0 / 0                 0 / 0                 0 / 0                 0 / 0           ops/s
[2024-08-12T17:01:59.988+0900][50.066s][info][gc,stats    ]    Critical: Allocation Stall                              0.000 / 0.000         0.000 / 0.000         0.000 / 0.000         0.000 / 0.000       ms
[2024-08-12T17:01:59.988+0900][50.066s][info][gc,stats    ]    Critical: GC Locker Stall                                   0 / 0                 0 / 0                 0 / 0                 0 / 0           ops/s
[2024-08-12T17:01:59.988+0900][50.066s][info][gc,stats    ]    Critical: GC Locker Stall                               0.000 / 0.000         0.000 / 0.000         0.000 / 0.000         0.000 / 0.000       ms
[2024-08-12T17:01:59.988+0900][50.066s][info][gc,stats    ]    Critical: Relocation Stall                                  0 / 0                 0 / 0                 0 / 0                 0 / 0           ops/s
[2024-08-12T17:01:59.988+0900][50.066s][info][gc,stats    ]    Critical: Relocation Stall                              0.000 / 0.000         0.000 / 0.000         0.000 / 0.000         0.000 / 0.000       ms
[2024-08-12T17:01:59.988+0900][50.066s][info][gc,stats    ]      Memory: Allocation Rate                                   0 / 0                 3 / 118               3 / 118               3 / 118         MB/s
[2024-08-12T17:01:59.988+0900][50.066s][info][gc,stats    ]      Memory: Out Of Memory                                     0 / 0                 0 / 0                 0 / 0                 0 / 0           ops/s
[2024-08-12T17:01:59.988+0900][50.066s][info][gc,stats    ]      Memory: Page Cache Flush                                  0 / 0                 0 / 0                 0 / 0                 0 / 0           MB/s
[2024-08-12T17:01:59.988+0900][50.066s][info][gc,stats    ]      Memory: Page Cache Hit L1                                 0 / 0                 0 / 27                0 / 27                0 / 27          ops/s
[2024-08-12T17:01:59.988+0900][50.066s][info][gc,stats    ]      Memory: Page Cache Hit L2                                 0 / 0                 0 / 0                 0 / 0                 0 / 0           ops/s
[2024-08-12T17:01:59.988+0900][50.066s][info][gc,stats    ]      Memory: Page Cache Hit L3                                 0 / 0                 1 / 37                1 / 37                1 / 37          ops/s
[2024-08-12T17:01:59.988+0900][50.066s][info][gc,stats    ]      Memory: Page Cache Miss                                   0 / 0                 0 / 1                 0 / 1                 0 / 1           ops/s
[2024-08-12T17:01:59.988+0900][50.066s][info][gc,stats    ]      Memory: Uncommit                                          0 / 0                 0 / 0                 0 / 0                 0 / 0           MB/s
[2024-08-12T17:01:59.988+0900][50.066s][info][gc,stats    ]      Memory: Undo Object Allocation Failed                     0 / 0                 0 / 0                 0 / 0                 0 / 0           ops/s
[2024-08-12T17:01:59.988+0900][50.066s][info][gc,stats    ]      Memory: Undo Object Allocation Succeeded                  0 / 0                 0 / 1                 0 / 1                 0 / 1           ops/s
[2024-08-12T17:01:59.988+0900][50.066s][info][gc,stats    ]      Memory: Undo Page Allocation                              0 / 0                 0 / 0                 0 / 0                 0 / 0           ops/s
[2024-08-12T17:01:59.988+0900][50.066s][info][gc,stats    ]       Phase: Concurrent Mark                               0.000 / 0.000         9.665 / 9.665         9.665 / 9.665         9.665 / 9.665       ms
[2024-08-12T17:01:59.988+0900][50.066s][info][gc,stats    ]       Phase: Concurrent Mark Continue                      0.000 / 0.000         0.000 / 0.000         0.000 / 0.000         0.000 / 0.000       ms
[2024-08-12T17:01:59.988+0900][50.066s][info][gc,stats    ]       Phase: Concurrent Mark Free                          0.000 / 0.000         0.001 / 0.001         0.001 / 0.001         0.001 / 0.001       ms
[2024-08-12T17:01:59.988+0900][50.066s][info][gc,stats    ]       Phase: Concurrent Process Non-Strong References      0.000 / 0.000         1.073 / 1.073         1.073 / 1.073         1.073 / 1.073       ms
[2024-08-12T17:01:59.988+0900][50.066s][info][gc,stats    ]       Phase: Concurrent Relocate                           0.000 / 0.000         2.128 / 2.128         2.128 / 2.128         2.128 / 2.128       ms
[2024-08-12T17:01:59.988+0900][50.066s][info][gc,stats    ]       Phase: Concurrent Reset Relocation Set               0.000 / 0.000         0.000 / 0.000         0.000 / 0.000         0.000 / 0.000       ms
[2024-08-12T17:01:59.988+0900][50.066s][info][gc,stats    ]       Phase: Concurrent Select Relocation Set              0.000 / 0.000         6.099 / 6.099         6.099 / 6.099         6.099 / 6.099       ms
[2024-08-12T17:01:59.988+0900][50.066s][info][gc,stats    ]       Phase: Pause Mark End                                0.000 / 0.000         0.014 / 0.014         0.014 / 0.014         0.014 / 0.014       ms
[2024-08-12T17:01:59.988+0900][50.066s][info][gc,stats    ]       Phase: Pause Mark Start                              0.000 / 0.000         0.006 / 0.006         0.006 / 0.006         0.006 / 0.006       ms
[2024-08-12T17:01:59.988+0900][50.066s][info][gc,stats    ]       Phase: Pause Relocate Start                          0.000 / 0.000         0.007 / 0.007         0.007 / 0.007         0.007 / 0.007       ms
[2024-08-12T17:01:59.988+0900][50.066s][info][gc,stats    ]    Subphase: Concurrent Classes Purge                      0.000 / 0.000         0.049 / 0.049         0.049 / 0.049         0.049 / 0.049       ms
[2024-08-12T17:01:59.988+0900][50.066s][info][gc,stats    ]    Subphase: Concurrent Classes Unlink                     0.000 / 0.000         0.740 / 0.740         0.740 / 0.740         0.740 / 0.740       ms
[2024-08-12T17:01:59.988+0900][50.066s][info][gc,stats    ]    Subphase: Concurrent Mark                               0.000 / 0.000         8.760 / 8.960         8.760 / 8.960         8.760 / 8.960       ms
[2024-08-12T17:01:59.988+0900][50.066s][info][gc,stats    ]    Subphase: Concurrent Mark Try Flush                     0.000 / 0.000         0.056 / 0.077         0.056 / 0.077         0.056 / 0.077       ms
[2024-08-12T17:01:59.988+0900][50.066s][info][gc,stats    ]    Subphase: Concurrent Mark Try Terminate                 0.000 / 0.000         1.821 / 2.801         1.821 / 2.801         1.821 / 2.801       ms
[2024-08-12T17:01:59.988+0900][50.066s][info][gc,stats    ]    Subphase: Concurrent References Enqueue                 0.000 / 0.000         0.004 / 0.004         0.004 / 0.004         0.004 / 0.004       ms
[2024-08-12T17:01:59.988+0900][50.066s][info][gc,stats    ]    Subphase: Concurrent References Process                 0.000 / 0.000         0.107 / 0.107         0.107 / 0.107         0.107 / 0.107       ms
[2024-08-12T17:01:59.988+0900][50.066s][info][gc,stats    ]    Subphase: Concurrent Roots ClassLoaderDataGraph         0.000 / 0.000         0.107 / 0.211         0.107 / 0.211         0.107 / 0.211       ms
[2024-08-12T17:01:59.988+0900][50.066s][info][gc,stats    ]    Subphase: Concurrent Roots CodeCache                    0.000 / 0.000         0.000 / 0.000         0.000 / 0.000         0.000 / 0.000       ms
[2024-08-12T17:01:59.988+0900][50.066s][info][gc,stats    ]    Subphase: Concurrent Roots JavaThreads                  0.000 / 0.000         0.273 / 0.523         0.273 / 0.523         0.273 / 0.523       ms
[2024-08-12T17:01:59.988+0900][50.066s][info][gc,stats    ]    Subphase: Concurrent Roots OopStorageSet                0.000 / 0.000         0.029 / 0.045         0.029 / 0.045         0.029 / 0.045       ms
[2024-08-12T17:01:59.988+0900][50.066s][info][gc,stats    ]    Subphase: Concurrent Weak Roots OopStorageSet           0.000 / 0.000         0.102 / 0.104         0.102 / 0.104         0.102 / 0.104       ms
[2024-08-12T17:01:59.988+0900][50.066s][info][gc,stats    ]    Subphase: Pause Mark Try Complete                       0.000 / 0.000         0.000 / 0.000         0.000 / 0.000         0.000 / 0.000       ms
[2024-08-12T17:01:59.988+0900][50.066s][info][gc,stats    ]      System: Java Threads                                      0 / 0                18 / 18               18 / 18               18 / 18          threads
[2024-08-12T17:01:59.988+0900][50.066s][info][gc,stats    ] =========================================================================================================================================================
[2024-08-12T17:02:09.998+0900][60.075s][info][gc,stats    ] === Garbage Collection Statistics =======================================================================================================================
[2024-08-12T17:02:09.998+0900][60.075s][info][gc,stats    ]                                                              Last 10s              Last 10m              Last 10h                Total
[2024-08-12T17:02:09.998+0900][60.075s][info][gc,stats    ]                                                              Avg / Max             Avg / Max             Avg / Max             Avg / Max
[2024-08-12T17:02:09.998+0900][60.075s][info][gc,stats    ]   Collector: Garbage Collection Cycle                      0.000 / 0.000        19.803 / 19.803       19.803 / 19.803       19.803 / 19.803      ms
[2024-08-12T17:02:09.998+0900][60.075s][info][gc,stats    ]  Contention: Mark Segment Reset Contention                     0 / 0                 0 / 0                 0 / 0                 0 / 0           ops/s
[2024-08-12T17:02:09.998+0900][60.075s][info][gc,stats    ]  Contention: Mark SeqNum Reset Contention                      0 / 0                 0 / 0                 0 / 0                 0 / 0           ops/s
[2024-08-12T17:02:09.998+0900][60.075s][info][gc,stats    ]    Critical: Allocation Stall                                  0 / 0                 0 / 0                 0 / 0                 0 / 0           ops/s
[2024-08-12T17:02:09.998+0900][60.075s][info][gc,stats    ]    Critical: Allocation Stall                              0.000 / 0.000         0.000 / 0.000         0.000 / 0.000         0.000 / 0.000       ms
[2024-08-12T17:02:09.998+0900][60.075s][info][gc,stats    ]    Critical: GC Locker Stall                                   0 / 0                 0 / 0                 0 / 0                 0 / 0           ops/s
[2024-08-12T17:02:09.998+0900][60.075s][info][gc,stats    ]    Critical: GC Locker Stall                               0.000 / 0.000         0.000 / 0.000         0.000 / 0.000         0.000 / 0.000       ms
[2024-08-12T17:02:09.998+0900][60.075s][info][gc,stats    ]    Critical: Relocation Stall                                  0 / 0                 0 / 0                 0 / 0                 0 / 0           ops/s
[2024-08-12T17:02:09.998+0900][60.075s][info][gc,stats    ]    Critical: Relocation Stall                              0.000 / 0.000         0.000 / 0.000         0.000 / 0.000         0.000 / 0.000       ms
[2024-08-12T17:02:09.998+0900][60.075s][info][gc,stats    ]      Memory: Allocation Rate                                   0 / 0                 3 / 118               3 / 118               3 / 118         MB/s
[2024-08-12T17:02:09.998+0900][60.075s][info][gc,stats    ]      Memory: Out Of Memory                                     0 / 0                 0 / 0                 0 / 0                 0 / 0           ops/s
[2024-08-12T17:02:09.998+0900][60.075s][info][gc,stats    ]      Memory: Page Cache Flush                                  0 / 0                 0 / 0                 0 / 0                 0 / 0           MB/s
[2024-08-12T17:02:09.998+0900][60.075s][info][gc,stats    ]      Memory: Page Cache Hit L1                                 0 / 0                 0 / 27                0 / 27                0 / 27          ops/s
[2024-08-12T17:02:09.998+0900][60.075s][info][gc,stats    ]      Memory: Page Cache Hit L2                                 0 / 0                 0 / 0                 0 / 0                 0 / 0           ops/s
[2024-08-12T17:02:09.998+0900][60.075s][info][gc,stats    ]      Memory: Page Cache Hit L3                                 0 / 0                 1 / 37                1 / 37                1 / 37          ops/s
[2024-08-12T17:02:09.998+0900][60.075s][info][gc,stats    ]      Memory: Page Cache Miss                                   0 / 0                 0 / 1                 0 / 1                 0 / 1           ops/s
[2024-08-12T17:02:09.998+0900][60.075s][info][gc,stats    ]      Memory: Uncommit                                          0 / 0                 0 / 0                 0 / 0                 0 / 0           MB/s
[2024-08-12T17:02:09.998+0900][60.075s][info][gc,stats    ]      Memory: Undo Object Allocation Failed                     0 / 0                 0 / 0                 0 / 0                 0 / 0           ops/s
[2024-08-12T17:02:09.998+0900][60.075s][info][gc,stats    ]      Memory: Undo Object Allocation Succeeded                  0 / 0                 0 / 1                 0 / 1                 0 / 1           ops/s
[2024-08-12T17:02:09.998+0900][60.075s][info][gc,stats    ]      Memory: Undo Page Allocation                              0 / 0                 0 / 0                 0 / 0                 0 / 0           ops/s
[2024-08-12T17:02:09.998+0900][60.075s][info][gc,stats    ]       Phase: Concurrent Mark                               0.000 / 0.000         9.665 / 9.665         9.665 / 9.665         9.665 / 9.665       ms
[2024-08-12T17:02:09.998+0900][60.075s][info][gc,stats    ]       Phase: Concurrent Mark Continue                      0.000 / 0.000         0.000 / 0.000         0.000 / 0.000         0.000 / 0.000       ms
[2024-08-12T17:02:09.998+0900][60.075s][info][gc,stats    ]       Phase: Concurrent Mark Free                          0.000 / 0.000         0.001 / 0.001         0.001 / 0.001         0.001 / 0.001       ms
[2024-08-12T17:02:09.998+0900][60.075s][info][gc,stats    ]       Phase: Concurrent Process Non-Strong References      0.000 / 0.000         1.073 / 1.073         1.073 / 1.073         1.073 / 1.073       ms
[2024-08-12T17:02:09.998+0900][60.075s][info][gc,stats    ]       Phase: Concurrent Relocate                           0.000 / 0.000         2.128 / 2.128         2.128 / 2.128         2.128 / 2.128       ms
[2024-08-12T17:02:09.998+0900][60.075s][info][gc,stats    ]       Phase: Concurrent Reset Relocation Set               0.000 / 0.000         0.000 / 0.000         0.000 / 0.000         0.000 / 0.000       ms
[2024-08-12T17:02:09.998+0900][60.075s][info][gc,stats    ]       Phase: Concurrent Select Relocation Set              0.000 / 0.000         6.099 / 6.099         6.099 / 6.099         6.099 / 6.099       ms
[2024-08-12T17:02:09.998+0900][60.075s][info][gc,stats    ]       Phase: Pause Mark End                                0.000 / 0.000         0.014 / 0.014         0.014 / 0.014         0.014 / 0.014       ms
[2024-08-12T17:02:09.998+0900][60.075s][info][gc,stats    ]       Phase: Pause Mark Start                              0.000 / 0.000         0.006 / 0.006         0.006 / 0.006         0.006 / 0.006       ms
[2024-08-12T17:02:09.998+0900][60.075s][info][gc,stats    ]       Phase: Pause Relocate Start                          0.000 / 0.000         0.007 / 0.007         0.007 / 0.007         0.007 / 0.007       ms
[2024-08-12T17:02:09.998+0900][60.075s][info][gc,stats    ]    Subphase: Concurrent Classes Purge                      0.000 / 0.000         0.049 / 0.049         0.049 / 0.049         0.049 / 0.049       ms
[2024-08-12T17:02:09.998+0900][60.075s][info][gc,stats    ]    Subphase: Concurrent Classes Unlink                     0.000 / 0.000         0.740 / 0.740         0.740 / 0.740         0.740 / 0.740       ms
[2024-08-12T17:02:09.998+0900][60.075s][info][gc,stats    ]    Subphase: Concurrent Mark                               0.000 / 0.000         8.760 / 8.960         8.760 / 8.960         8.760 / 8.960       ms
[2024-08-12T17:02:09.998+0900][60.075s][info][gc,stats    ]    Subphase: Concurrent Mark Try Flush                     0.000 / 0.000         0.056 / 0.077         0.056 / 0.077         0.056 / 0.077       ms
[2024-08-12T17:02:09.998+0900][60.075s][info][gc,stats    ]    Subphase: Concurrent Mark Try Terminate                 0.000 / 0.000         1.821 / 2.801         1.821 / 2.801         1.821 / 2.801       ms
[2024-08-12T17:02:09.998+0900][60.075s][info][gc,stats    ]    Subphase: Concurrent References Enqueue                 0.000 / 0.000         0.004 / 0.004         0.004 / 0.004         0.004 / 0.004       ms
[2024-08-12T17:02:09.998+0900][60.075s][info][gc,stats    ]    Subphase: Concurrent References Process                 0.000 / 0.000         0.107 / 0.107         0.107 / 0.107         0.107 / 0.107       ms
[2024-08-12T17:02:09.998+0900][60.075s][info][gc,stats    ]    Subphase: Concurrent Roots ClassLoaderDataGraph         0.000 / 0.000         0.107 / 0.211         0.107 / 0.211         0.107 / 0.211       ms
[2024-08-12T17:02:09.998+0900][60.075s][info][gc,stats    ]    Subphase: Concurrent Roots CodeCache                    0.000 / 0.000         0.000 / 0.000         0.000 / 0.000         0.000 / 0.000       ms
[2024-08-12T17:02:09.998+0900][60.075s][info][gc,stats    ]    Subphase: Concurrent Roots JavaThreads                  0.000 / 0.000         0.273 / 0.523         0.273 / 0.523         0.273 / 0.523       ms
[2024-08-12T17:02:09.998+0900][60.075s][info][gc,stats    ]    Subphase: Concurrent Roots OopStorageSet                0.000 / 0.000         0.029 / 0.045         0.029 / 0.045         0.029 / 0.045       ms
[2024-08-12T17:02:09.998+0900][60.075s][info][gc,stats    ]    Subphase: Concurrent Weak Roots OopStorageSet           0.000 / 0.000         0.102 / 0.104         0.102 / 0.104         0.102 / 0.104       ms
[2024-08-12T17:02:09.998+0900][60.075s][info][gc,stats    ]    Subphase: Pause Mark Try Complete                       0.000 / 0.000         0.000 / 0.000         0.000 / 0.000         0.000 / 0.000       ms
[2024-08-12T17:02:09.998+0900][60.075s][info][gc,stats    ]      System: Java Threads                                      0 / 0                18 / 18               18 / 18               18 / 18          threads
[2024-08-12T17:02:09.998+0900][60.075s][info][gc,stats    ] =========================================================================================================================================================
